I'm sorry, but errors were detected in your script. Please correct the
errors listed below, and try again.


File "game/script.rpy", line 551: Line is indented, but the preceding say statement statement does not expect a block. Please check this line's indentation.
    "What do you wanna learn now?"
    ^

Ren'Py Version: Ren'Py 7.5.0.22021101n
Sat Feb 19 00:32:39 2022
